// Jest Snapshot v1, https://goo.gl/fbAQLP

exports[`test snapshot 1`] = `
<div
  className="MuiBox-root css-13en8op"
>
  <div
    className="MuiBox-root css-1gwqxiu"
    onClick={[Function]}
  >
    <div
      className="MuiAvatar-root MuiAvatar-square css-1v1kfpo-MuiAvatar-root"
    >
      <img
        className="MuiAvatar-img css-1pqm26d-MuiAvatar-img"
        src="users/default.png"
      />
    </div>
    <p
      className="MuiTypography-root MuiTypography-body1 css-gu63a4-MuiTypography-root"
    >
      fady
    </p>
  </div>
  <div
    className="MuiBox-root css-k008qs"
  >
    <p
      className="MuiTypography-root MuiTypography-body1 css-177droq-MuiTypography-root"
    >
      2022-12-20T00:53:55.071Z
    </p>
  </div>
  <div
    className="MuiBox-root css-1uygd4d"
  >
    <p
      className="MuiTypography-root MuiTypography-body1 css-1keaqvn-MuiTypography-root"
    >
      Everything
    </p>
    <button
      className="MuiButtonBase-root MuiIconButton-root MuiIconButton-sizeMedium css-yvetkp-MuiButtonBase-root-MuiIconButton-root"
      disabled={false}
      onBlur={[Function]}
      onClick={[Function]}
      onContextMenu={[Function]}
      onDragLeave={[Function]}
      onFocus={[Function]}
      onKeyDown={[Function]}
      onKeyUp={[Function]}
      onMouseDown={[Function]}
      onMouseLeave={[Function]}
      onMouseUp={[Function]}
      onTouchEnd={[Function]}
      onTouchMove={[Function]}
      onTouchStart={[Function]}
      tabIndex={0}
      type="button"
    >
      <svg
        aria-hidden={true}
        className="MuiSvgIcon-root MuiSvgIcon-fontSizeSmall css-ptiqhd-MuiSvgIcon-root"
        data-testid="EditIcon"
        focusable="false"
        viewBox="0 0 24 24"
      >
        <path
          d="M3 17.25V21h3.75L17.81 9.94l-3.75-3.75L3 17.25zM20.71 7.04c.39-.39.39-1.02 0-1.41l-2.34-2.34a.9959.9959 0 0 0-1.41 0l-1.83 1.83 3.75 3.75 1.83-1.83z"
        />
      </svg>
    </button>
  </div>
</div>
`;
