// Jest Snapshot v1, https://goo.gl/fbAQLP

exports[`test snapshot 1`] = `
<div
  className="MuiBox-root css-a3vfuy"
>
  <div
    className="MuiBox-root css-1vog110"
  >
    <button
      className="MuiButtonBase-root MuiButton-root MuiButton-contained MuiButton-containedPrimary MuiButton-sizeMedium MuiButton-containedSizeMedium MuiButton-root MuiButton-contained MuiButton-containedPrimary MuiButton-sizeMedium MuiButton-containedSizeMedium css-1d577ig-MuiButtonBase-root-MuiButton-root"
      disabled={false}
      fontSize="14px"
      fontWeight="bold"
      onBlur={[Function]}
      onClick={[Function]}
      onContextMenu={[Function]}
      onDragLeave={[Function]}
      onFocus={[Function]}
      onKeyDown={[Function]}
      onKeyUp={[Function]}
      onMouseDown={[Function]}
      onMouseLeave={[Function]}
      onMouseUp={[Function]}
      onTouchEnd={[Function]}
      onTouchMove={[Function]}
      onTouchStart={[Function]}
      padding="0px 24px 0px 24px"
      tabIndex={0}
      type="button"
    >
      Ban user
    </button>
  </div>
  <div
    className="MuiBox-root css-uhqeeq"
  >
    <div
      className="MuiBox-root css-o76n3x"
    >
      <h6
        className="MuiTypography-root MuiTypography-h6 css-2ulfj5-MuiTypography-root"
      >
        Banned users
      </h6>
      <svg
        aria-hidden={true}
        className="MuiSvgIcon-root MuiSvgIcon-colorPrimary MuiSvgIcon-fontSizeMedium css-ci5apu-MuiSvgIcon-root"
        data-testid="ErrorOutlineOutlinedIcon"
        focusable="false"
        viewBox="0 0 24 24"
      >
        <path
          d="M11 15h2v2h-2v-2zm0-8h2v6h-2V7zm.99-5C6.47 2 2 6.48 2 12s4.47 10 9.99 10C17.52 22 22 17.52 22 12S17.52 2 11.99 2zM12 20c-4.42 0-8-3.58-8-8s3.58-8 8-8 8 3.58 8 8-3.58 8-8 8z"
        />
      </svg>
    </div>
  </div>
  <div
    className="MuiBox-root css-ekpinx"
  >
    <svg
      aria-hidden={true}
      className="MuiSvgIcon-root MuiSvgIcon-fontSizeLarge css-zbb00y-MuiSvgIcon-root"
      data-testid="NotInterestedIcon"
      focusable="false"
      viewBox="0 0 24 24"
    >
      <path
        d="M12 2C6.48 2 2 6.48 2 12s4.48 10 10 10 10-4.48 10-10S17.52 2 12 2zm0 18c-4.42 0-8-3.58-8-8 0-1.85.63-3.55 1.69-4.9L16.9 18.31C15.55 19.37 13.85 20 12 20zm6.31-3.1L7.1 5.69C8.45 4.63 10.15 4 12 4c4.42 0 8 3.58 8 8 0 1.85-.63 3.55-1.69 4.9z"
      />
    </svg>
    <h6
      className="MuiTypography-root MuiTypography-h6 css-155szis-MuiTypography-root"
    >
      No banned users in r/
    </h6>
  </div>
</div>
`;
