// Jest Snapshot v1, https://goo.gl/fbAQLP

exports[`test snapshot 1`] = `
<div
  className="MuiBox-root css-bo8ww4"
>
  <svg
    aria-hidden={true}
    className="MuiSvgIcon-root MuiSvgIcon-fontSizeMedium css-i4bv87-MuiSvgIcon-root"
    data-testid="SearchIcon"
    focusable="false"
    viewBox="0 0 24 24"
  >
    <path
      d="M15.5 14h-.79l-.28-.27C15.41 12.59 16 11.11 16 9.5 16 5.91 13.09 3 9.5 3S3 5.91 3 9.5 5.91 16 9.5 16c1.61 0 3.09-.59 4.23-1.57l.27.28v.79l5 4.99L20.49 19l-4.99-5zm-6 0C7.01 14 5 11.99 5 9.5S7.01 5 9.5 5 14 7.01 14 9.5 11.99 14 9.5 14z"
    />
  </svg>
  <div
    chipShow={0}
    className="MuiButtonBase-root MuiChip-root MuiChip-filled MuiChip-sizeMedium MuiChip-colorDefault MuiChip-deletable MuiChip-deletableColorDefault MuiChip-filledDefault css-1n2en2n-MuiButtonBase-root-MuiChip-root"
    onBlur={[Function]}
    onContextMenu={[Function]}
    onDragLeave={[Function]}
    onFocus={[Function]}
    onKeyDown={[Function]}
    onKeyUp={[Function]}
    onMouseDown={[Function]}
    onMouseLeave={[Function]}
    onMouseUp={[Function]}
    onTouchEnd={[Function]}
    onTouchMove={[Function]}
    onTouchStart={[Function]}
    role="button"
    tabIndex={0}
  >
    <span
      className="MuiChip-label MuiChip-labelMedium css-6od3lo-MuiChip-label"
    />
    <svg
      aria-hidden={true}
      className="MuiSvgIcon-root MuiSvgIcon-fontSizeMedium MuiChip-deleteIcon MuiChip-deleteIconMedium MuiChip-deleteIconColorDefault MuiChip-deleteIconFilledColorDefault css-i4bv87-MuiSvgIcon-root"
      data-testid="CancelIcon"
      focusable="false"
      onClick={[Function]}
      viewBox="0 0 24 24"
    >
      <path
        d="M12 2C6.47 2 2 6.47 2 12s4.47 10 10 10 10-4.47 10-10S17.53 2 12 2zm5 13.59L15.59 17 12 13.41 8.41 17 7 15.59 10.59 12 7 8.41 8.41 7 12 10.59 15.59 7 17 8.41 13.41 12 17 15.59z"
      />
    </svg>
  </div>
  <div
    className="MuiInputBase-root MuiInputBase-colorPrimary css-1le28he-MuiInputBase-root"
    onClick={[Function]}
  >
    <input
      className="MuiInputBase-input css-yz9k0d-MuiInputBase-input"
      id="nav_search"
      onAnimationStart={[Function]}
      onBlur={[Function]}
      onChange={[Function]}
      onFocus={[Function]}
      onKeyDown={[Function]}
      placeholder="Search nonlegit"
      type="text"
      value=""
    />
  </div>
</div>
`;
