// Jest Snapshot v1, https://goo.gl/fbAQLP

exports[`test snapshot 1`] = `
<div>
  <div
    className="css-mbgpr2"
  >
    <div
      className="close css-gwbri7"
    >
      <svg
        aria-hidden={true}
        className="MuiSvgIcon-root MuiSvgIcon-fontSizeMedium icon css-i4bv87-MuiSvgIcon-root"
        data-testid="CloseIcon"
        focusable="false"
        viewBox="0 0 24 24"
      >
        <path
          d="M19 6.41 17.59 5 12 10.59 6.41 5 5 6.41 10.59 12 5 17.59 6.41 19 12 13.41 17.59 19 19 17.59 13.41 12z"
        />
      </svg>
    </div>
    <div
      className="css-18p239j"
    >
      <img
        className="css-1koqu17"
        src="https://encrypted-tbn0.gstatic.com/images?q=tbn:ANd9GcTWMfN2o-u82351CC0A0yOhqFvuCccfnTUA-Q&usqp=CAUs"
      />
    </div>
  </div>
</div>
`;
