// Jest Snapshot v1, https://goo.gl/fbAQLP

exports[`PostHeader PostHeader renders correctly 1`] = `
Array [
  <div
    className="MuiBox-root css-1eogohz"
  >
    <div
      className="MuiAvatar-root MuiAvatar-circular MuiAvatar-colorDefault css-x9hid5-MuiAvatar-root"
    >
      <svg
        aria-hidden={true}
        className="MuiSvgIcon-root MuiSvgIcon-fontSizeMedium MuiAvatar-fallback css-10mi8st-MuiSvgIcon-root-MuiAvatar-fallback"
        data-testid="PersonIcon"
        focusable="false"
        viewBox="0 0 24 24"
      >
        <path
          d="M12 12c2.21 0 4-1.79 4-4s-1.79-4-4-4-4 1.79-4 4 1.79 4 4 4zm0 2c-2.67 0-8 1.34-8 4v2h16v-2c0-2.66-5.33-4-8-4z"
        />
      </svg>
    </div>
    <a
      className="css-kqg5s"
      color="#000"
      fontWeight="bolder"
      href="/user/undefined"
      onClick={[Function]}
    >
      u/
    </a>
    <div
      className="MuiBox-root css-1clzuz0"
    >
      <div
        className="MuiBox-root css-5ah3mn"
      >
        a few seconds ago
      </div>
    </div>
  </div>,
  <a
    className="css-10m9jmh"
    href="/"
    onClick={[Function]}
  >
    <h3
      className="MuiTypography-root MuiTypography-h6 css-6aghek-MuiTypography-root"
    >
      title
       
       
    </h3>
  </a>,
]
`;
