// Jest Snapshot v1, https://goo.gl/fbAQLP

exports[`test snapshot 1`] = `
<ul
  className="MuiList-root MuiList-padding css-1g93nk2-MuiList-root"
>
  <div
    className="MuiButtonBase-root MuiListItemButton-root MuiListItemButton-gutters MuiListItemButton-root MuiListItemButton-gutters css-16ac5r2-MuiButtonBase-root-MuiListItemButton-root"
    onBlur={[Function]}
    onClick={[Function]}
    onContextMenu={[Function]}
    onDragLeave={[Function]}
    onFocus={[Function]}
    onKeyDown={[Function]}
    onKeyUp={[Function]}
    onMouseDown={[Function]}
    onMouseLeave={[Function]}
    onMouseUp={[Function]}
    onTouchEnd={[Function]}
    onTouchMove={[Function]}
    onTouchStart={[Function]}
    role="button"
    tabIndex={0}
  >
    <div
      className="css-aw179r"
    >
      <a
        className="MuiTypography-root MuiTypography-inherit MuiLink-root MuiLink-underlineNone css-1r83qox-MuiTypography-root-MuiLink-root"
        onBlur={[Function]}
        onFocus={[Function]}
      >
        r/
      </a>
      <p
        className="MuiTypography-root MuiTypography-body1 css-dzy1yv-MuiTypography-root"
      >
         / 
      </p>
    </div>
    <svg
      aria-hidden={true}
      className="MuiSvgIcon-root MuiSvgIcon-fontSizeMedium css-yoveok-MuiSvgIcon-root"
      data-testid="ExpandMoreIcon"
      focusable="false"
      viewBox="0 0 24 24"
    >
      <path
        d="M16.59 8.59 12 13.17 7.41 8.59 6 10l6 6 6-6z"
      />
    </svg>
  </div>
</ul>
`;
