// Jest Snapshot v1, https://goo.gl/fbAQLP

exports[`test snapshot 1`] = `
<div
  className="MuiBox-root css-qsaw8"
>
  <div
    className="MuiBox-root css-1bk1a37"
  >
    <svg
      aria-hidden={true}
      className="MuiSvgIcon-root MuiSvgIcon-colorDisabled MuiSvgIcon-fontSizeMedium css-reyiuj-MuiSvgIcon-root"
      data-testid="ForwardOutlinedIcon"
      focusable="false"
      viewBox="0 0 24 24"
    >
      <path
        d="M14 8.83 17.17 12 14 15.17V14H6v-4h8V8.83M12 4v4H4v8h8v4l8-8-8-8z"
      />
    </svg>
    <svg
      aria-hidden={true}
      className="MuiSvgIcon-root MuiSvgIcon-colorDisabled MuiSvgIcon-fontSizeMedium css-e5mdo1-MuiSvgIcon-root"
      data-testid="ForwardOutlinedIcon"
      focusable="false"
      viewBox="0 0 24 24"
    >
      <path
        d="M14 8.83 17.17 12 14 15.17V14H6v-4h8V8.83M12 4v4H4v8h8v4l8-8-8-8z"
      />
    </svg>
  </div>
  <div
    className="MuiBox-root css-1bk1a37"
  >
    <svg
      aria-hidden={true}
      className="MuiSvgIcon-root MuiSvgIcon-colorDisabled MuiSvgIcon-fontSizeMedium css-reyiuj-MuiSvgIcon-root"
      data-testid="ForwardOutlinedIcon"
      focusable="false"
      viewBox="0 0 24 24"
    >
      <path
        d="M14 8.83 17.17 12 14 15.17V14H6v-4h8V8.83M12 4v4H4v8h8v4l8-8-8-8z"
      />
    </svg>
    <svg
      aria-hidden={true}
      className="MuiSvgIcon-root MuiSvgIcon-colorDisabled MuiSvgIcon-fontSizeMedium css-e5mdo1-MuiSvgIcon-root"
      data-testid="ForwardOutlinedIcon"
      focusable="false"
      viewBox="0 0 24 24"
    >
      <path
        d="M14 8.83 17.17 12 14 15.17V14H6v-4h8V8.83M12 4v4H4v8h8v4l8-8-8-8z"
      />
    </svg>
  </div>
  <div
    className="MuiBox-root css-1bk1a37"
  >
    <svg
      aria-hidden={true}
      className="MuiSvgIcon-root MuiSvgIcon-colorDisabled MuiSvgIcon-fontSizeMedium css-reyiuj-MuiSvgIcon-root"
      data-testid="ForwardOutlinedIcon"
      focusable="false"
      viewBox="0 0 24 24"
    >
      <path
        d="M14 8.83 17.17 12 14 15.17V14H6v-4h8V8.83M12 4v4H4v8h8v4l8-8-8-8z"
      />
    </svg>
    <svg
      aria-hidden={true}
      className="MuiSvgIcon-root MuiSvgIcon-colorDisabled MuiSvgIcon-fontSizeMedium css-e5mdo1-MuiSvgIcon-root"
      data-testid="ForwardOutlinedIcon"
      focusable="false"
      viewBox="0 0 24 24"
    >
      <path
        d="M14 8.83 17.17 12 14 15.17V14H6v-4h8V8.83M12 4v4H4v8h8v4l8-8-8-8z"
      />
    </svg>
  </div>
  <div
    className="MuiBox-root css-1goo8qo"
  >
    <div
      className="MuiBox-root css-5pmy0u"
    >
      <svg
        aria-hidden={true}
        className="MuiSvgIcon-root MuiSvgIcon-colorDisabled MuiSvgIcon-fontSizeMedium css-reyiuj-MuiSvgIcon-root"
        data-testid="ForwardOutlinedIcon"
        focusable="false"
        viewBox="0 0 24 24"
      >
        <path
          d="M14 8.83 17.17 12 14 15.17V14H6v-4h8V8.83M12 4v4H4v8h8v4l8-8-8-8z"
        />
      </svg>
      <svg
        aria-hidden={true}
        className="MuiSvgIcon-root MuiSvgIcon-colorDisabled MuiSvgIcon-fontSizeMedium css-e5mdo1-MuiSvgIcon-root"
        data-testid="ForwardOutlinedIcon"
        focusable="false"
        viewBox="0 0 24 24"
      >
        <path
          d="M14 8.83 17.17 12 14 15.17V14H6v-4h8V8.83M12 4v4H4v8h8v4l8-8-8-8z"
        />
      </svg>
    </div>
    <p
      className="MuiTypography-root MuiTypography-body1 css-c6mk4m-MuiTypography-root"
    >
      hmm... looks like you haven't recently viewed anything yet
    </p>
  </div>
  <div
    className="MuiBox-root css-1bk1a37"
  >
    <svg
      aria-hidden={true}
      className="MuiSvgIcon-root MuiSvgIcon-colorDisabled MuiSvgIcon-fontSizeMedium css-reyiuj-MuiSvgIcon-root"
      data-testid="ForwardOutlinedIcon"
      focusable="false"
      viewBox="0 0 24 24"
    >
      <path
        d="M14 8.83 17.17 12 14 15.17V14H6v-4h8V8.83M12 4v4H4v8h8v4l8-8-8-8z"
      />
    </svg>
    <svg
      aria-hidden={true}
      className="MuiSvgIcon-root MuiSvgIcon-colorDisabled MuiSvgIcon-fontSizeMedium css-e5mdo1-MuiSvgIcon-root"
      data-testid="ForwardOutlinedIcon"
      focusable="false"
      viewBox="0 0 24 24"
    >
      <path
        d="M14 8.83 17.17 12 14 15.17V14H6v-4h8V8.83M12 4v4H4v8h8v4l8-8-8-8z"
      />
    </svg>
  </div>
  <div
    className="MuiBox-root css-1bk1a37"
  >
    <svg
      aria-hidden={true}
      className="MuiSvgIcon-root MuiSvgIcon-colorDisabled MuiSvgIcon-fontSizeMedium css-reyiuj-MuiSvgIcon-root"
      data-testid="ForwardOutlinedIcon"
      focusable="false"
      viewBox="0 0 24 24"
    >
      <path
        d="M14 8.83 17.17 12 14 15.17V14H6v-4h8V8.83M12 4v4H4v8h8v4l8-8-8-8z"
      />
    </svg>
    <svg
      aria-hidden={true}
      className="MuiSvgIcon-root MuiSvgIcon-colorDisabled MuiSvgIcon-fontSizeMedium css-e5mdo1-MuiSvgIcon-root"
      data-testid="ForwardOutlinedIcon"
      focusable="false"
      viewBox="0 0 24 24"
    >
      <path
        d="M14 8.83 17.17 12 14 15.17V14H6v-4h8V8.83M12 4v4H4v8h8v4l8-8-8-8z"
      />
    </svg>
  </div>
  <div
    className="MuiBox-root css-1bk1a37"
  >
    <svg
      aria-hidden={true}
      className="MuiSvgIcon-root MuiSvgIcon-colorDisabled MuiSvgIcon-fontSizeMedium css-reyiuj-MuiSvgIcon-root"
      data-testid="ForwardOutlinedIcon"
      focusable="false"
      viewBox="0 0 24 24"
    >
      <path
        d="M14 8.83 17.17 12 14 15.17V14H6v-4h8V8.83M12 4v4H4v8h8v4l8-8-8-8z"
      />
    </svg>
    <svg
      aria-hidden={true}
      className="MuiSvgIcon-root MuiSvgIcon-colorDisabled MuiSvgIcon-fontSizeMedium css-e5mdo1-MuiSvgIcon-root"
      data-testid="ForwardOutlinedIcon"
      focusable="false"
      viewBox="0 0 24 24"
    >
      <path
        d="M14 8.83 17.17 12 14 15.17V14H6v-4h8V8.83M12 4v4H4v8h8v4l8-8-8-8z"
      />
    </svg>
  </div>
</div>
`;
