// Jest Snapshot v1, https://goo.gl/fbAQLP

exports[`test snapshot 1`] = `
<li
  className="MuiListItem-root MuiListItem-gutters MuiListItem-padding css-1l39lt8-MuiListItem-root"
  disabled={false}
>
  <div
    className="MuiBox-root css-l1e50c"
    onClick={[Function]}
  >
    <div
      className="MuiBox-root css-sh1iq1"
    />
    <svg
      aria-hidden={true}
      className="MuiSvgIcon-root MuiSvgIcon-fontSizeMedium css-662pq5-MuiSvgIcon-root"
      data-testid="KeyboardArrowUpIcon"
      focusable="false"
      viewBox="0 0 24 24"
    >
      <path
        d="M7.41 15.41 12 10.83l4.59 4.58L18 14l-6-6-6 6z"
      />
    </svg>
    <div
      className="MuiAvatar-root MuiAvatar-circular MuiAvatar-colorDefault css-1uj8hhm-MuiAvatar-root"
    >
      <svg
        aria-hidden={true}
        className="MuiSvgIcon-root MuiSvgIcon-fontSizeMedium MuiAvatar-fallback css-10mi8st-MuiSvgIcon-root-MuiAvatar-fallback"
        data-testid="PersonIcon"
        focusable="false"
        viewBox="0 0 24 24"
      >
        <path
          d="M12 12c2.21 0 4-1.79 4-4s-1.79-4-4-4-4 1.79-4 4 1.79 4 4 4zm0 2c-2.67 0-8 1.34-8 4v2h16v-2c0-2.66-5.33-4-8-4z"
        />
      </svg>
    </div>
    <span
      className="MuiTypography-root MuiTypography-caption css-1yprkys-MuiTypography-root"
    >
      r/
    </span>
  </div>
  <div
    className="MuiBox-root css-1fgbvy9"
  >
    <div
      className="MuiBox-root css-0"
    >
      <button
        className="MuiButtonBase-root MuiButton-root MuiButton-contained MuiButton-containedPrimary MuiButton-sizeMedium MuiButton-containedSizeMedium MuiButton-root MuiButton-contained MuiButton-containedPrimary MuiButton-sizeMedium MuiButton-containedSizeMedium css-r2lh7q-MuiButtonBase-root-MuiButton-root"
        disabled={false}
        onBlur={[Function]}
        onClick={[Function]}
        onContextMenu={[Function]}
        onDragLeave={[Function]}
        onFocus={[Function]}
        onKeyDown={[Function]}
        onKeyUp={[Function]}
        onMouseDown={[Function]}
        onMouseEnter={[Function]}
        onMouseLeave={[Function]}
        onMouseUp={[Function]}
        onTouchEnd={[Function]}
        onTouchMove={[Function]}
        onTouchStart={[Function]}
        tabIndex={0}
        type="button"
      >
        Join
      </button>
    </div>
    <div
      className="MuiBox-root css-gfiief"
    />
  </div>
</li>
`;
