// Jest Snapshot v1, https://goo.gl/fbAQLP

exports[`test snapshot 1`] = `
<div
  className="MuiBox-root css-146v974"
>
  <div
    className="MuiBox-root css-xv0eud"
  >
    <svg
      aria-hidden={true}
      className="MuiSvgIcon-root MuiSvgIcon-fontSizeMedium css-1m9p8mk-MuiSvgIcon-root"
      data-testid="ForwardOutlinedIcon"
      focusable="false"
      onClick={[Function]}
      viewBox="0 0 24 24"
    >
      <path
        d="M14 8.83 17.17 12 14 15.17V14H6v-4h8V8.83M12 4v4H4v8h8v4l8-8-8-8z"
      />
    </svg>
    <span
      className="MuiTypography-root MuiTypography-caption css-gj0u27-MuiTypography-root"
    />
    <svg
      aria-hidden={true}
      className="MuiSvgIcon-root MuiSvgIcon-fontSizeMedium css-hshnfv-MuiSvgIcon-root"
      data-testid="ForwardOutlinedIcon"
      focusable="false"
      onClick={[Function]}
      viewBox="0 0 24 24"
    >
      <path
        d="M14 8.83 17.17 12 14 15.17V14H6v-4h8V8.83M12 4v4H4v8h8v4l8-8-8-8z"
      />
    </svg>
  </div>
  <div
    className="MuiBox-root css-orlaaz"
  >
    <svg
      aria-hidden={true}
      className="MuiSvgIcon-root MuiSvgIcon-fontSizeMedium css-1or9raf-MuiSvgIcon-root"
      data-testid="UnfoldMoreOutlinedIcon"
      focusable="false"
      onClick={[Function]}
      viewBox="0 0 24 24"
    >
      <path
        d="M12 5.83 15.17 9l1.41-1.41L12 3 7.41 7.59 8.83 9 12 5.83zm0 12.34L8.83 15l-1.41 1.41L12 21l4.59-4.59L15.17 15 12 18.17z"
      />
    </svg>
  </div>
  <hr
    className="MuiDivider-root MuiDivider-middle MuiDivider-vertical MuiDivider-flexItem css-16bghm4-MuiDivider-root"
  />
  <div
    className="MuiBox-root css-orlaaz"
    onClick={[Function]}
  >
    <svg
      aria-hidden={true}
      className="MuiSvgIcon-root MuiSvgIcon-fontSizeMedium css-i4bv87-MuiSvgIcon-root"
      data-testid="ChatBubbleOutlineOutlinedIcon"
      focusable="false"
      viewBox="0 0 24 24"
    >
      <path
        d="M20 2H4c-1.1 0-2 .9-2 2v18l4-4h14c1.1 0 2-.9 2-2V4c0-1.1-.9-2-2-2zm0 14H6l-2 2V4h16v12z"
      />
    </svg>
    <span
      className="MuiTypography-root MuiTypography-caption css-1052m2m-MuiTypography-root"
      responsiveshare="true"
    >
       
      Comments
    </span>
  </div>
  <div
    className="MuiBox-root css-orlaaz"
    onClick={[Function]}
  >
    <svg
      aria-hidden={true}
      className="MuiSvgIcon-root MuiSvgIcon-fontSizeMedium css-i4bv87-MuiSvgIcon-root"
      data-testid="ShortcutOutlinedIcon"
      focusable="false"
      viewBox="0 0 24 24"
    >
      <path
        d="m15 5-1.41 1.41L15 7.83 17.17 10H8c-2.76 0-5 2.24-5 5v4h2v-4c0-1.65 1.35-3 3-3h9.17L15 14.17l-1.41 1.41L15 17l6-6-6-6z"
      />
    </svg>
    <span
      className="MuiTypography-root MuiTypography-caption css-1052m2m-MuiTypography-root"
      responsiveshare="true"
    >
      Share
    </span>
  </div>
  <div
    className="MuiBox-root css-1mnbp5s"
    onClick={[Function]}
    onTouchEnd={[Function]}
    show="true"
  >
    <svg
      aria-hidden={true}
      className="MuiSvgIcon-root MuiSvgIcon-fontSizeMedium css-i4bv87-MuiSvgIcon-root"
      data-testid="MoreHorizOutlinedIcon"
      focusable="false"
      onClick={[Function]}
      viewBox="0 0 24 24"
    >
      <path
        d="M6 10c-1.1 0-2 .9-2 2s.9 2 2 2 2-.9 2-2-.9-2-2-2zm12 0c-1.1 0-2 .9-2 2s.9 2 2 2 2-.9 2-2-.9-2-2-2zm-6 0c-1.1 0-2 .9-2 2s.9 2 2 2 2-.9 2-2-.9-2-2-2z"
      />
    </svg>
  </div>
</div>
`;
