// Jest Snapshot v1, https://goo.gl/fbAQLP

exports[`test snapshot 1`] = `
<div
  className="MuiBox-root css-ekpinx"
>
  <svg
    aria-hidden={true}
    className="MuiSvgIcon-root MuiSvgIcon-fontSizeLarge css-zbb00y-MuiSvgIcon-root"
    data-testid="CreateOutlinedIcon"
    focusable="false"
    viewBox="0 0 24 24"
  >
    <path
      d="M3 17.25V21h3.75L17.81 9.94l-3.75-3.75L3 17.25zM5.92 19H5v-.92l9.06-9.06.92.92L5.92 19zM20.71 5.63l-2.34-2.34c-.2-.2-.45-.29-.71-.29s-.51.1-.7.29l-1.83 1.83 3.75 3.75 1.83-1.83c.39-.39.39-1.02 0-1.41z"
    />
  </svg>
  <h6
    className="MuiTypography-root MuiTypography-h6 css-155szis-MuiTypography-root"
  >
    No approved users in r/
     
  </h6>
</div>
`;
