// Jest Snapshot v1, https://goo.gl/fbAQLP

exports[`test snapshot 1`] = `
Array [
  <div
    className="css-e2plnr"
  >
    <div
      className="css-17olsxy"
    >
      FLAIR APPEARANCE
    </div>
    <div
      className="css-7faeei"
    >
      <div
        className="css-1lg26qb"
      >
        Flair text
      </div>
      <div
        className="MuiFormControl-root css-11tsdoc-MuiFormControl-root"
      >
        <div
          className="MuiInputBase-root MuiOutlinedInput-root MuiInputBase-colorPrimary MuiInputBase-formControl css-1hrdv6q-MuiInputBase-root-MuiOutlinedInput-root"
          onClick={[Function]}
          onInput={[Function]}
        >
          <input
            aria-invalid={false}
            className="MuiInputBase-input MuiOutlinedInput-input css-1t8l2tu-MuiInputBase-input-MuiOutlinedInput-input"
            defaultValue="aaa"
            disabled={false}
            id="text"
            onAnimationStart={[Function]}
            onBlur={[Function]}
            onChange={[Function]}
            onFocus={[Function]}
            required={false}
            type="text"
          />
          <fieldset
            aria-hidden={true}
            className="MuiOutlinedInput-notchedOutline css-1d3z3hw-MuiOutlinedInput-notchedOutline"
          >
            <legend
              className="css-ihdtdm"
            >
              <span
                className="notranslate"
              >
                ​
              </span>
            </legend>
          </fieldset>
        </div>
      </div>
      <p
        className="css-1jfe1hz"
      >
        61
         
        Characters remaining
      </p>
    </div>
    <div
      className="css-7faeei"
    >
      <div
        className="css-1lg26qb"
      >
        CSS Class
      </div>
      <div
        className="MuiFormControl-root css-11tsdoc-MuiFormControl-root"
      >
        <div
          className="MuiInputBase-root MuiOutlinedInput-root MuiInputBase-colorPrimary MuiInputBase-formControl css-1hrdv6q-MuiInputBase-root-MuiOutlinedInput-root"
          onClick={[Function]}
        >
          <input
            aria-invalid={false}
            className="MuiInputBase-input MuiOutlinedInput-input css-1t8l2tu-MuiInputBase-input-MuiOutlinedInput-input"
            disabled={false}
            id="css"
            onAnimationStart={[Function]}
            onBlur={[Function]}
            onChange={[Function]}
            onFocus={[Function]}
            placeholder="none"
            required={false}
            type="text"
          />
          <fieldset
            aria-hidden={true}
            className="MuiOutlinedInput-notchedOutline css-1d3z3hw-MuiOutlinedInput-notchedOutline"
          >
            <legend
              className="css-ihdtdm"
            >
              <span
                className="notranslate"
              >
                ​
              </span>
            </legend>
          </fieldset>
        </div>
      </div>
      <p
        className="css-1jfe1hz"
      >
        Optional
      </p>
    </div>
    <div
      className="css-bg8uia"
    >
      <div
        className="css-1lg26qb"
      >
        Flair background color
      </div>
      <div
        className="MuiInputBase-root MuiOutlinedInput-root MuiInputBase-colorPrimary css-dnud4j-MuiInputBase-root-MuiOutlinedInput-root"
        onClick={[Function]}
      >
        <input
          className="MuiInputBase-input MuiOutlinedInput-input css-1t8l2tu-MuiInputBase-input-MuiOutlinedInput-input"
          id="bgColor"
          onAnimationStart={[Function]}
          onBlur={[Function]}
          onChange={[Function]}
          onFocus={[Function]}
          type="color"
        />
        <fieldset
          aria-hidden={true}
          className="MuiOutlinedInput-notchedOutline css-1d3z3hw-MuiOutlinedInput-notchedOutline"
        >
          <legend
            className="css-ihdtdm"
          >
            <span
              className="notranslate"
            >
              ​
            </span>
          </legend>
        </fieldset>
      </div>
    </div>
    <div
      className="css-bg8uia"
    >
      <div
        className="css-1lg26qb"
      >
        Flair text color
      </div>
      <div
        className="MuiInputBase-root MuiOutlinedInput-root MuiInputBase-colorPrimary css-dnud4j-MuiInputBase-root-MuiOutlinedInput-root"
        onClick={[Function]}
      >
        <input
          className="MuiInputBase-input MuiOutlinedInput-input css-1t8l2tu-MuiInputBase-input-MuiOutlinedInput-input"
          id="textColor"
          onAnimationStart={[Function]}
          onBlur={[Function]}
          onChange={[Function]}
          onFocus={[Function]}
          placeholder="Aa"
          type="color"
        />
        <fieldset
          aria-hidden={true}
          className="MuiOutlinedInput-notchedOutline css-1d3z3hw-MuiOutlinedInput-notchedOutline"
        >
          <legend
            className="css-ihdtdm"
          >
            <span
              className="notranslate"
            >
              ​
            </span>
          </legend>
        </fieldset>
      </div>
    </div>
  </div>,
  <div
    className="css-1gkf4ei"
  >
    <button
      className="MuiButtonBase-root MuiButton-root MuiButton-text MuiButton-textPrimary MuiButton-sizeMedium MuiButton-textSizeMedium MuiButton-root MuiButton-text MuiButton-textPrimary MuiButton-sizeMedium MuiButton-textSizeMedium css-1237fzv-MuiButtonBase-root-MuiButton-root"
      disabled={false}
      onBlur={[Function]}
      onClick={[Function]}
      onContextMenu={[Function]}
      onDragLeave={[Function]}
      onFocus={[Function]}
      onKeyDown={[Function]}
      onKeyUp={[Function]}
      onMouseDown={[Function]}
      onMouseLeave={[Function]}
      onMouseUp={[Function]}
      onTouchEnd={[Function]}
      onTouchMove={[Function]}
      onTouchStart={[Function]}
      tabIndex={0}
      type="button"
    >
      Save
    </button>
    <button
      className="MuiButtonBase-root MuiButton-root MuiButton-text MuiButton-textPrimary MuiButton-sizeMedium MuiButton-textSizeMedium MuiButton-root MuiButton-text MuiButton-textPrimary MuiButton-sizeMedium MuiButton-textSizeMedium css-4te1ww-MuiButtonBase-root-MuiButton-root"
      disabled={false}
      onBlur={[Function]}
      onClick={[Function]}
      onContextMenu={[Function]}
      onDragLeave={[Function]}
      onFocus={[Function]}
      onKeyDown={[Function]}
      onKeyUp={[Function]}
      onMouseDown={[Function]}
      onMouseLeave={[Function]}
      onMouseUp={[Function]}
      onTouchEnd={[Function]}
      onTouchMove={[Function]}
      onTouchStart={[Function]}
      tabIndex={0}
      type="button"
    >
      Cancel
    </button>
  </div>,
]
`;
