// Jest Snapshot v1, https://goo.gl/fbAQLP

exports[`test snapshot 1`] = `
<div
  className="MuiBox-root css-3k8df1"
>
  <div
    className="MuiBox-root css-r37xpo"
  >
    <p
      className="MuiTypography-root MuiTypography-body1 css-5a1xzc-MuiTypography-root"
    />
    <a
      className="MuiTypography-root MuiTypography-inherit MuiLink-root MuiLink-underlineAlways css-1tfr3a3-MuiTypography-root-MuiLink-root"
      onBlur={[Function]}
      onFocus={[Function]}
    >
      0
    </a>
  </div>
  <div
    className="MuiBox-root css-w8dmq8"
  >
    <div
      className="MuiTabs-root css-1wgiwz8-MuiTabs-root"
    >
      <div
        className="MuiTabs-scroller MuiTabs-fixed css-jpln7h-MuiTabs-scroller"
        onScroll={[Function]}
        style={
          Object {
            "marginBottom": -0,
            "overflow": "hidden",
          }
        }
      >
        <div
          aria-orientation={null}
          className="MuiTabs-flexContainer css-heg063-MuiTabs-flexContainer"
          onKeyDown={[Function]}
          role="tablist"
        >
          <button
            aria-controls={null}
            aria-selected={true}
            className="MuiButtonBase-root MuiTab-root MuiTab-textColorPrimary Mui-selected css-1h9z7r5-MuiButtonBase-root-MuiTab-root"
            disabled={false}
            id={null}
            onBlur={[Function]}
            onClick={[Function]}
            onContextMenu={[Function]}
            onDragLeave={[Function]}
            onFocus={[Function]}
            onKeyDown={[Function]}
            onKeyUp={[Function]}
            onMouseDown={[Function]}
            onMouseLeave={[Function]}
            onMouseUp={[Function]}
            onTouchEnd={[Function]}
            onTouchMove={[Function]}
            onTouchStart={[Function]}
            role="tab"
            tabIndex={0}
            type="button"
          >
            Posts
            <span
              className="MuiTabs-indicator css-1aquho2-MuiTabs-indicator"
              style={Object {}}
            />
          </button>
          <button
            aria-controls={null}
            aria-selected={false}
            className="MuiButtonBase-root MuiTab-root MuiTab-textColorPrimary css-1h9z7r5-MuiButtonBase-root-MuiTab-root"
            disabled={false}
            id={null}
            onBlur={[Function]}
            onClick={[Function]}
            onContextMenu={[Function]}
            onDragLeave={[Function]}
            onFocus={[Function]}
            onKeyDown={[Function]}
            onKeyUp={[Function]}
            onMouseDown={[Function]}
            onMouseLeave={[Function]}
            onMouseUp={[Function]}
            onTouchEnd={[Function]}
            onTouchMove={[Function]}
            onTouchStart={[Function]}
            role="tab"
            tabIndex={-1}
            type="button"
          >
            Communities
          </button>
        </div>
      </div>
    </div>
    <div
      aria-labelledby={null}
      className="MuiTabPanel-root css-13xfq8m-MuiTabPanel-root"
      hidden={false}
      id={null}
      role="tabpanel"
    >
      Posts
    </div>
    <div
      aria-labelledby={null}
      className="MuiTabPanel-root css-y0o6vk-MuiTabPanel-root"
      hidden={true}
      id={null}
      role="tabpanel"
    />
  </div>
</div>
`;
