// Jest Snapshot v1, https://goo.gl/fbAQLP

exports[`Empty Queue test snapshot 1`] = `
Array [
  <div
    className="MuiBox-root css-n276e7"
  >
    <div
      className="MuiBox-root css-k008qs"
    >
      <span
        className="MuiTypography-root MuiTypography-caption css-13fqsu0-MuiTypography-root"
      >
        Items 1-
        0
      </span>
      <span
        className="MuiTypography-root MuiTypography-caption css-13fqsu0-MuiTypography-root"
      >
        .
      </span>
      <span
        className="MuiTypography-root MuiTypography-caption css-13fqsu0-MuiTypography-root"
      >
        0
         
        selected
      </span>
    </div>
  </div>,
  <div
    className="MuiBox-root css-1g1ee7m"
  >
    <img
      className="css-1tcygg3"
      src="https://www.redditstatic.com/desktop2x/img/snoomoji/cat_blep.png"
    />
    <h6
      className="MuiTypography-root MuiTypography-h6 css-2ulfj5-MuiTypography-root"
    >
      The queue is clean!
    </h6>
    <h6
      className="MuiTypography-root MuiTypography-subtitle2 css-fa75u-MuiTypography-root"
    >
      Kitteh is pleased
    </h6>
  </div>,
]
`;
