// Jest Snapshot v1, https://goo.gl/fbAQLP

exports[`test snapshot 1`] = `
<h2
  className="MuiTypography-root MuiTypography-h6 MuiDialogTitle-root css-1s0gywi-MuiTypography-root-MuiDialogTitle-root"
>
  <div
    className="css-1t1xcwn"
  >
    <div
      className="css-6xiis1"
    >
      <svg
        aria-hidden={true}
        className="MuiSvgIcon-root MuiSvgIcon-colorPrimary MuiSvgIcon-fontSizeLarge css-bsqp9w-MuiSvgIcon-root"
        data-testid="EmailIcon"
        focusable="false"
        viewBox="0 0 24 24"
      >
        <path
          d="M20 4H4c-1.1 0-1.99.9-1.99 2L2 18c0 1.1.9 2 2 2h16c1.1 0 2-.9 2-2V6c0-1.1-.9-2-2-2zm0 4-8 5-8-5V6l8 5 8-5v2z"
        />
      </svg>
      <div
        className="css-w2t8pj"
      >
        <svg
          aria-hidden={true}
          className="MuiSvgIcon-root MuiSvgIcon-color#978A8C MuiSvgIcon-fontSizeSmall css-ptiqhd-MuiSvgIcon-root"
          data-testid="PriorityHighIcon"
          focusable="false"
          viewBox="0 0 24 24"
        >
          <circle
            cx="12"
            cy="19"
            r="2"
          />
          <path
            d="M10 3h4v12h-4z"
          />
        </svg>
      </div>
    </div>
    Update your email
    <button
      aria-label="close"
      className="MuiButtonBase-root MuiIconButton-root MuiIconButton-sizeMedium css-1y8k0vr-MuiButtonBase-root-MuiIconButton-root"
      disabled={false}
      onBlur={[Function]}
      onClick={[Function]}
      onContextMenu={[Function]}
      onDragLeave={[Function]}
      onFocus={[Function]}
      onKeyDown={[Function]}
      onKeyUp={[Function]}
      onMouseDown={[Function]}
      onMouseLeave={[Function]}
      onMouseUp={[Function]}
      onTouchEnd={[Function]}
      onTouchMove={[Function]}
      onTouchStart={[Function]}
      tabIndex={0}
      type="button"
    >
      <svg
        aria-hidden={true}
        className="MuiSvgIcon-root MuiSvgIcon-fontSizeMedium css-i4bv87-MuiSvgIcon-root"
        data-testid="CloseIcon"
        focusable="false"
        viewBox="0 0 24 24"
      >
        <path
          d="M19 6.41 17.59 5 12 10.59 6.41 5 5 6.41 10.59 12 5 17.59 6.41 19 12 13.41 17.59 19 19 17.59 13.41 12z"
        />
      </svg>
    </button>
  </div>
  <p
    className="css-1f97iu9"
  >
    Update your email below. There will be a new verification email sent that you will need to use to verify this new email.
  </p>
  <div
    className="MuiBox-root css-0"
  >
    <input
      className="css-ht6vgj"
      onChange={[Function]}
      placeholder="CURRENT PASSWORD"
      value=""
    />
  </div>
  <div
    className="MuiBox-root css-0"
  >
    <input
      className="css-ht6vgj"
      onBlur={[Function]}
      onChange={[Function]}
      placeholder="NEW EMAIL"
      value=""
    />
  </div>
  <div
    className="css-1jh72zi"
  >
    <button
      className="MuiButtonBase-root MuiButton-root MuiButton-contained MuiButton-containedPrimary MuiButton-sizeMedium MuiButton-containedSizeMedium MuiButton-root MuiButton-contained MuiButton-containedPrimary MuiButton-sizeMedium MuiButton-containedSizeMedium css-1j2c57i-MuiButtonBase-root-MuiButton-root"
      condition={false}
      disabled={false}
      onBlur={[Function]}
      onClick={[Function]}
      onContextMenu={[Function]}
      onDragLeave={[Function]}
      onFocus={[Function]}
      onKeyDown={[Function]}
      onKeyUp={[Function]}
      onMouseDown={[Function]}
      onMouseLeave={[Function]}
      onMouseUp={[Function]}
      onTouchEnd={[Function]}
      onTouchMove={[Function]}
      onTouchStart={[Function]}
      tabIndex={0}
      type="button"
    >
      Save email
    </button>
  </div>
</h2>
`;
